// Jest Snapshot v1, https://goo.gl/fbAQLP

exports[`<Issues /> should render and match the snapshot 1`] = `
<div
  class="issues"
>
  <div
    class="ant-row-flex row-title"
    style="margin-left: -12px; margin-right: -12px;"
  >
    <div
      class="ant-col ant-col-xs-24 ant-col-sm-24 ant-col-md-8 ant-col-lg-8 ant-col-xl-8"
      style="padding-left: 12px; padding-right: 12px;"
    >
      <div
        class="ant-page-header"
      >
        <div
          class="ant-page-header-back"
        >
          <div
            aria-label="back"
            class="ant-page-header-back-button"
            role="button"
            style="border: 0px; background: transparent; padding: 0px; line-height: inherit; display: inline-block;"
            tabindex="0"
          >
            <i
              aria-label="icon: arrow-left"
              class="anticon anticon-arrow-left"
            >
              <svg
                aria-hidden="true"
                class=""
                data-icon="arrow-left"
                fill="currentColor"
                focusable="false"
                height="1em"
                viewBox="64 64 896 896"
                width="1em"
              >
                <path
                  d="M872 474H286.9l350.2-304c5.6-4.9 2.2-14-5.2-14h-88.5c-3.9 0-7.6 1.4-10.5 3.9L155 487.8a31.96 31.96 0 0 0 0 48.3L535.1 866c1.5 1.3 3.3 2 5.2 2h91.5c7.4 0 10.8-9.2 5.2-14L286.9 550H872c4.4 0 8-3.6 8-8v-60c0-4.4-3.6-8-8-8z"
                />
              </svg>
            </i>
          </div>
          <div
            class="ant-divider ant-divider-vertical"
          />
        </div>
        <div
          class="ant-page-header-title-view"
        >
          <span
            class="ant-page-header-title-view-title"
          >
            <span>
              Issues
            </span>
          </span>
        </div>
      </div>
    </div>
    <div
      class="ant-col ant-col-xs-24 ant-col-sm-24 ant-col-md-16 ant-col-lg-16 ant-col-xl-16"
      style="padding-left: 12px; padding-right: 12px;"
    >
      <div
        class="issues-filter"
      >
        <span
          class="filter-by"
        >
          <span>
            Filter by
          </span>
          :
        </span>
        <span
          class="tag-filter"
        >
          <div
            class="ant-tag ant-tag-checkable tag-1 false"
            color="orange"
          >
            <span>
              Acknowledged
            </span>
          </div>
          <div
            class="ant-tag ant-tag-checkable tag-2 false"
            color="red"
          >
            <span>
              Rejected
            </span>
          </div>
          <div
            class="ant-tag ant-tag-checkable tag-3 false"
            color="cyan"
          >
            <span>
              Duplicated
            </span>
          </div>
          <div
            class="ant-tag ant-tag-checkable tag-4 false"
            color="green"
          >
            <span>
              Resolved
            </span>
          </div>
          <div
            class="ant-tag ant-tag-checkable tag-5 false"
            color="geekblue"
          >
            <span>
              Pending
            </span>
          </div>
        </span>
      </div>
    </div>
  </div>
  <div
    class="ant-row"
    style="margin-left: -12px; margin-right: -12px;"
  >
    <div
      class="ant-col ant-col-xs-24 ant-col-sm-24 ant-col-md-24 ant-col-lg-24 ant-col-xl-24"
      style="padding-left: 12px; padding-right: 12px;"
    >
      <div
        class="ant-table-wrapper"
      >
        <div
          class="ant-spin-nested-loading"
        >
          <div
            class="ant-spin-container"
          >
            <div
              class="ant-table ant-table-default ant-table-empty ant-table-scroll-position-left ant-table-scroll-position-right"
            >
              <div
                class="ant-table-content"
              >
                <div
                  class="ant-table-scroll"
                >
                  <div
                    class="ant-table-body"
                    style="overflow-x: scroll;"
                  >
                    <table
                      class="ant-table-fixed"
                      style="width: 1000px;"
                    >
                      <colgroup>
                        <col
                          style="width: 100px; min-width: 100px;"
                        />
                        <col
                          style="width: 150px; min-width: 150px;"
                        />
                        <col
                          style="width: 40%; min-width: 40%;"
                        />
                        <col />
                        <col />
                        <col />
                      </colgroup>
                      <thead
                        class="ant-table-thead"
                      >
                        <tr>
                          <th
                            class="ant-table-fixed-columns-in-body ant-table-align-center"
                            style="text-align: center;"
                          >
                            <span
                              class="ant-table-header-column"
                            >
                              <div>
                                <span
                                  class="ant-table-column-title"
                                >
                                  <span>
                                    Status
                                  </span>
                                </span>
                                <span
                                  class="ant-table-column-sorter"
                                />
                              </div>
                            </span>
                          </th>
                          <th
                            class="ant-table-fixed-columns-in-body ant-table-column-has-actions ant-table-column-has-sorters"
                          >
                            <span
                              class="ant-table-header-column"
                            >
                              <div
                                class="ant-table-column-sorters"
                              >
                                <span
                                  class="ant-table-column-title"
                                >
                                  <span>
                                    Name
                                  </span>
                                </span>
                                <span
                                  class="ant-table-column-sorter"
                                >
                                  <div
                                    class="ant-table-column-sorter-inner ant-table-column-sorter-inner-full"
                                    title="Sort"
                                  >
                                    <i
                                      aria-label="icon: caret-up"
                                      class="anticon anticon-caret-up ant-table-column-sorter-up off"
                                    >
                                      <svg
                                        aria-hidden="true"
                                        class=""
                                        data-icon="caret-up"
                                        fill="currentColor"
                                        focusable="false"
                                        height="1em"
                                        viewBox="0 0 1024 1024"
                                        width="1em"
                                      >
                                        <path
                                          d="M858.9 689L530.5 308.2c-9.4-10.9-27.5-10.9-37 0L165.1 689c-12.2 14.2-1.2 35 18.5 35h656.8c19.7 0 30.7-20.8 18.5-35z"
                                        />
                                      </svg>
                                    </i>
                                    <i
                                      aria-label="icon: caret-down"
                                      class="anticon anticon-caret-down ant-table-column-sorter-down off"
                                    >
                                      <svg
                                        aria-hidden="true"
                                        class=""
                                        data-icon="caret-down"
                                        fill="currentColor"
                                        focusable="false"
                                        height="1em"
                                        viewBox="0 0 1024 1024"
                                        width="1em"
                                      >
                                        <path
                                          d="M840.4 300H183.6c-19.7 0-30.7 20.8-18.5 35l328.4 380.8c9.4 10.9 27.5 10.9 37 0L858.9 335c12.2-14.2 1.2-35-18.5-35z"
                                        />
                                      </svg>
                                    </i>
                                  </div>
                                </span>
                              </div>
                            </span>
                          </th>
                          <th
                            class="ant-table-column-has-actions ant-table-column-has-sorters"
                          >
                            <span
                              class="ant-table-header-column"
                            >
                              <div
                                class="ant-table-column-sorters"
                              >
                                <span
                                  class="ant-table-column-title"
                                >
                                  <span>
                                    Description
                                  </span>
                                </span>
                                <span
                                  class="ant-table-column-sorter"
                                >
                                  <div
                                    class="ant-table-column-sorter-inner ant-table-column-sorter-inner-full"
                                    title="Sort"
                                  >
                                    <i
                                      aria-label="icon: caret-up"
                                      class="anticon anticon-caret-up ant-table-column-sorter-up off"
                                    >
                                      <svg
                                        aria-hidden="true"
                                        class=""
                                        data-icon="caret-up"
                                        fill="currentColor"
                                        focusable="false"
                                        height="1em"
                                        viewBox="0 0 1024 1024"
                                        width="1em"
                                      >
                                        <path
                                          d="M858.9 689L530.5 308.2c-9.4-10.9-27.5-10.9-37 0L165.1 689c-12.2 14.2-1.2 35 18.5 35h656.8c19.7 0 30.7-20.8 18.5-35z"
                                        />
                                      </svg>
                                    </i>
                                    <i
                                      aria-label="icon: caret-down"
                                      class="anticon anticon-caret-down ant-table-column-sorter-down off"
                                    >
                                      <svg
                                        aria-hidden="true"
                                        class=""
                                        data-icon="caret-down"
                                        fill="currentColor"
                                        focusable="false"
                                        height="1em"
                                        viewBox="0 0 1024 1024"
                                        width="1em"
                                      >
                                        <path
                                          d="M840.4 300H183.6c-19.7 0-30.7 20.8-18.5 35l328.4 380.8c9.4 10.9 27.5 10.9 37 0L858.9 335c12.2-14.2 1.2-35-18.5-35z"
                                        />
                                      </svg>
                                    </i>
                                  </div>
                                </span>
                              </div>
                            </span>
                          </th>
                          <th
                            class="ant-table-column-has-actions ant-table-column-has-sorters"
                          >
                            <span
                              class="ant-table-header-column"
                            >
                              <div
                                class="ant-table-column-sorters"
                              >
                                <span
                                  class="ant-table-column-title"
                                >
                                  <span>
                                    Date
                                  </span>
                                </span>
                                <span
                                  class="ant-table-column-sorter"
                                >
                                  <div
                                    class="ant-table-column-sorter-inner ant-table-column-sorter-inner-full"
                                    title="Sort"
                                  >
                                    <i
                                      aria-label="icon: caret-up"
                                      class="anticon anticon-caret-up ant-table-column-sorter-up off"
                                    >
                                      <svg
                                        aria-hidden="true"
                                        class=""
                                        data-icon="caret-up"
                                        fill="currentColor"
                                        focusable="false"
                                        height="1em"
                                        viewBox="0 0 1024 1024"
                                        width="1em"
                                      >
                                        <path
                                          d="M858.9 689L530.5 308.2c-9.4-10.9-27.5-10.9-37 0L165.1 689c-12.2 14.2-1.2 35 18.5 35h656.8c19.7 0 30.7-20.8 18.5-35z"
                                        />
                                      </svg>
                                    </i>
                                    <i
                                      aria-label="icon: caret-down"
                                      class="anticon anticon-caret-down ant-table-column-sorter-down off"
                                    >
                                      <svg
                                        aria-hidden="true"
                                        class=""
                                        data-icon="caret-down"
                                        fill="currentColor"
                                        focusable="false"
                                        height="1em"
                                        viewBox="0 0 1024 1024"
                                        width="1em"
                                      >
                                        <path
                                          d="M840.4 300H183.6c-19.7 0-30.7 20.8-18.5 35l328.4 380.8c9.4 10.9 27.5 10.9 37 0L858.9 335c12.2-14.2 1.2-35-18.5-35z"
                                        />
                                      </svg>
                                    </i>
                                  </div>
                                </span>
                              </div>
                            </span>
                          </th>
                          <th
                            class="ant-table-column-has-actions ant-table-column-has-sorters"
                          >
                            <span
                              class="ant-table-header-column"
                            >
                              <div
                                class="ant-table-column-sorters"
                              >
                                <span
                                  class="ant-table-column-title"
                                >
                                  <span>
                                    Reporter
                                  </span>
                                </span>
                                <span
                                  class="ant-table-column-sorter"
                                >
                                  <div
                                    class="ant-table-column-sorter-inner ant-table-column-sorter-inner-full"
                                    title="Sort"
                                  >
                                    <i
                                      aria-label="icon: caret-up"
                                      class="anticon anticon-caret-up ant-table-column-sorter-up off"
                                    >
                                      <svg
                                        aria-hidden="true"
                                        class=""
                                        data-icon="caret-up"
                                        fill="currentColor"
                                        focusable="false"
                                        height="1em"
                                        viewBox="0 0 1024 1024"
                                        width="1em"
                                      >
                                        <path
                                          d="M858.9 689L530.5 308.2c-9.4-10.9-27.5-10.9-37 0L165.1 689c-12.2 14.2-1.2 35 18.5 35h656.8c19.7 0 30.7-20.8 18.5-35z"
                                        />
                                      </svg>
                                    </i>
                                    <i
                                      aria-label="icon: caret-down"
                                      class="anticon anticon-caret-down ant-table-column-sorter-down off"
                                    >
                                      <svg
                                        aria-hidden="true"
                                        class=""
                                        data-icon="caret-down"
                                        fill="currentColor"
                                        focusable="false"
                                        height="1em"
                                        viewBox="0 0 1024 1024"
                                        width="1em"
                                      >
                                        <path
                                          d="M840.4 300H183.6c-19.7 0-30.7 20.8-18.5 35l328.4 380.8c9.4 10.9 27.5 10.9 37 0L858.9 335c12.2-14.2 1.2-35-18.5-35z"
                                        />
                                      </svg>
                                    </i>
                                  </div>
                                </span>
                              </div>
                            </span>
                          </th>
                          <th
                            class=""
                          >
                            <span
                              class="ant-table-header-column"
                            >
                              <div>
                                <span
                                  class="ant-table-column-title"
                                >
                                  <span>
                                    Actions
                                  </span>
                                </span>
                                <span
                                  class="ant-table-column-sorter"
                                />
                              </div>
                            </span>
                          </th>
                        </tr>
                      </thead>
                      <tbody
                        class="ant-table-tbody"
                      />
                    </table>
                  </div>
                  <div
                    class="ant-table-placeholder"
                  >
                    <div
                      class="ant-empty ant-empty-normal"
                    >
                      <div
                        class="ant-empty-image"
                      >
                        <img
                          alt="No Data"
                          src="data:image/svg+xml;base64,PHN2ZyB3aWR0aD0iNjQiIGhlaWdodD0iNDEiIHZpZXdCb3g9IjAgMCA2NCA0MSIgIHhtbG5zPSJodHRwOi8vd3d3LnczLm9yZy8yMDAwL3N2ZyI+CiAgPGcgdHJhbnNmb3JtPSJ0cmFuc2xhdGUoMCAxKSIgZmlsbD0ibm9uZSIgZmlsbC1ydWxlPSJldmVub2RkIj4KICAgIDxlbGxpcHNlIGZpbGw9IiNGNUY1RjUiIGN4PSIzMiIgY3k9IjMzIiByeD0iMzIiIHJ5PSI3Ii8+CiAgICA8ZyBmaWxsLXJ1bGU9Im5vbnplcm8iIHN0cm9rZT0iI0Q5RDlEOSI+CiAgICAgIDxwYXRoIGQ9Ik01NSAxMi43Nkw0NC44NTQgMS4yNThDNDQuMzY3LjQ3NCA0My42NTYgMCA0Mi45MDcgMEgyMS4wOTNjLS43NDkgMC0xLjQ2LjQ3NC0xLjk0NyAxLjI1N0w5IDEyLjc2MVYyMmg0NnYtOS4yNHoiLz4KICAgICAgPHBhdGggZD0iTTQxLjYxMyAxNS45MzFjMC0xLjYwNS45OTQtMi45MyAyLjIyNy0yLjkzMUg1NXYxOC4xMzdDNTUgMzMuMjYgNTMuNjggMzUgNTIuMDUgMzVoLTQwLjFDMTAuMzIgMzUgOSAzMy4yNTkgOSAzMS4xMzdWMTNoMTEuMTZjMS4yMzMgMCAyLjIyNyAxLjMyMyAyLjIyNyAyLjkyOHYuMDIyYzAgMS42MDUgMS4wMDUgMi45MDEgMi4yMzcgMi45MDFoMTQuNzUyYzEuMjMyIDAgMi4yMzctMS4zMDggMi4yMzctMi45MTN2LS4wMDd6IiBmaWxsPSIjRkFGQUZBIi8+CiAgICA8L2c+CiAgPC9nPgo8L3N2Zz4K"
                        />
                      </div>
                      <p
                        class="ant-empty-description"
                      >
                        No Data
                      </p>
                    </div>
                  </div>
                </div>
                <div
                  class="ant-table-fixed-left"
                >
                  <div
                    class="ant-table-body-outer"
                  >
                    <div
                      class="ant-table-body-inner"
                    >
                      <table
                        class="ant-table-fixed"
                      >
                        <colgroup>
                          <col
                            style="width: 100px; min-width: 100px;"
                          />
                          <col
                            style="width: 150px; min-width: 150px;"
                          />
                        </colgroup>
                        <thead
                          class="ant-table-thead"
                        >
                          <tr>
                            <th
                              class="ant-table-align-center"
                              style="text-align: center;"
                            >
                              <span
                                class="ant-table-header-column"
                              >
                                <div>
                                  <span
                                    class="ant-table-column-title"
                                  >
                                    <span>
                                      Status
                                    </span>
                                  </span>
                                  <span
                                    class="ant-table-column-sorter"
                                  />
                                </div>
                              </span>
                            </th>
                            <th
                              class="ant-table-column-has-actions ant-table-column-has-sorters"
                            >
                              <span
                                class="ant-table-header-column"
                              >
                                <div
                                  class="ant-table-column-sorters"
                                >
                                  <span
                                    class="ant-table-column-title"
                                  >
                                    <span>
                                      Name
                                    </span>
                                  </span>
                                  <span
                                    class="ant-table-column-sorter"
                                  >
                                    <div
                                      class="ant-table-column-sorter-inner ant-table-column-sorter-inner-full"
                                      title="Sort"
                                    >
                                      <i
                                        aria-label="icon: caret-up"
                                        class="anticon anticon-caret-up ant-table-column-sorter-up off"
                                      >
                                        <svg
                                          aria-hidden="true"
                                          class=""
                                          data-icon="caret-up"
                                          fill="currentColor"
                                          focusable="false"
                                          height="1em"
                                          viewBox="0 0 1024 1024"
                                          width="1em"
                                        >
                                          <path
                                            d="M858.9 689L530.5 308.2c-9.4-10.9-27.5-10.9-37 0L165.1 689c-12.2 14.2-1.2 35 18.5 35h656.8c19.7 0 30.7-20.8 18.5-35z"
                                          />
                                        </svg>
                                      </i>
                                      <i
                                        aria-label="icon: caret-down"
                                        class="anticon anticon-caret-down ant-table-column-sorter-down off"
                                      >
                                        <svg
                                          aria-hidden="true"
                                          class=""
                                          data-icon="caret-down"
                                          fill="currentColor"
                                          focusable="false"
                                          height="1em"
                                          viewBox="0 0 1024 1024"
                                          width="1em"
                                        >
                                          <path
                                            d="M840.4 300H183.6c-19.7 0-30.7 20.8-18.5 35l328.4 380.8c9.4 10.9 27.5 10.9 37 0L858.9 335c12.2-14.2 1.2-35-18.5-35z"
                                          />
                                        </svg>
                                      </i>
                                    </div>
                                  </span>
                                </div>
                              </span>
                            </th>
                          </tr>
                        </thead>
                        <tbody
                          class="ant-table-tbody"
                        />
                      </table>
                    </div>
                  </div>
                </div>
              </div>
            </div>
          </div>
        </div>
      </div>
    </div>
  </div>
</div>
`;
