// Jest Snapshot v1, https://goo.gl/fbAQLP

exports[`fetchIssues Saga should call the FETCH_ISSUES_FAILURE action if the response errors 1`] = `
Object {
  "@@redux-saga/IO": true,
  "combinator": false,
  "payload": Object {
    "args": Array [],
    "context": null,
    "fn": [Function],
  },
  "type": "CALL",
}
`;

exports[`fetchIssues Saga should dispatch the FETCH_ISSUES_SUCCESS action if it requests the data successfully 1`] = `
Object {
  "@@redux-saga/IO": true,
  "combinator": false,
  "payload": Object {
    "args": Array [],
    "context": null,
    "fn": [Function],
  },
  "type": "CALL",
}
`;
