// Jest Snapshot v1, https://goo.gl/fbAQLP

exports[`<Dashboard/> should render and match the snapshot 1`] = `
<div
  class="dashboard"
>
  <div
    class="dashboard-content"
  >
    <div
      class="ant-row"
    >
      <div
        class="ant-col"
      >
        <div
          class="ant-row"
          style="margin-left: -24px; margin-right: -24px;"
        >
          <div
            class="project"
          >
            <div
              class="ant-col ant-col-xs-24 ant-col-sm-24 ant-col-md-15 ant-col-lg-17 ant-col-xl-18 ant-col-xxl-19"
              style="padding-left: 24px; padding-right: 24px;"
            >
              <div
                class="project-title"
              >
                <span>
                  All Projects
                </span>
              </div>
            </div>
            <div
              class="ant-col ant-col-xs-24 ant-col-sm-24 ant-col-md-9 ant-col-lg-7 ant-col-xl-6 ant-col-xxl-5"
              style="padding-left: 24px; padding-right: 24px;"
            >
              <div
                class="search-bar"
              >
                <span
                  class="ant-input-search ant-input-affix-wrapper"
                  style="width: 200px;"
                >
                  <input
                    class="ant-input"
                    placeholder="Search project name..."
                    type="text"
                    value=""
                  />
                  <span
                    class="ant-input-suffix"
                  >
                    <i
                      aria-label="icon: search"
                      class="anticon anticon-search ant-input-search-icon"
                      tabindex="-1"
                    >
                      <svg
                        aria-hidden="true"
                        class=""
                        data-icon="search"
                        fill="currentColor"
                        focusable="false"
                        height="1em"
                        viewBox="64 64 896 896"
                        width="1em"
                      >
                        <path
                          d="M909.6 854.5L649.9 594.8C690.2 542.7 712 479 712 412c0-80.2-31.3-155.4-87.9-212.1-56.6-56.7-132-87.9-212.1-87.9s-155.5 31.3-212.1 87.9C143.2 256.5 112 331.8 112 412c0 80.1 31.3 155.5 87.9 212.1C256.5 680.8 331.8 712 412 712c67 0 130.6-21.8 182.7-62l259.7 259.6a8.2 8.2 0 0 0 11.6 0l43.6-43.5a8.2 8.2 0 0 0 0-11.6zM570.4 570.4C528 612.7 471.8 636 412 636s-116-23.3-158.4-65.6C211.3 528 188 471.8 188 412s23.3-116.1 65.6-158.4C296 211.3 352.2 188 412 188s116.1 23.2 158.4 65.6S636 352.2 636 412s-23.3 116.1-65.6 158.4z"
                        />
                      </svg>
                    </i>
                  </span>
                </span>
              </div>
            </div>
          </div>
        </div>
        <div
          class="ant-row"
        >
          <div>
            <div
              class="x-card"
            >
              <div
                class="no-members"
              >
                <div
                  class="ant-empty"
                >
                  <div
                    class="ant-empty-image"
                  >
                    <img
                      alt="No Data"
                      src="data:image/svg+xml;base64,PHN2ZyB3aWR0aD0iMTg0IiBoZWlnaHQ9IjE1MiIgdmlld0JveD0iMCAwIDE4NCAxNTIiIHhtbG5zPSJodHRwOi8vd3d3LnczLm9yZy8yMDAwL3N2ZyI+CiAgPGcgZmlsbD0ibm9uZSIgZmlsbC1ydWxlPSJldmVub2RkIj4KICAgIDxnIHRyYW5zZm9ybT0idHJhbnNsYXRlKDI0IDMxLjY3KSI+CiAgICAgIDxlbGxpcHNlIGZpbGwtb3BhY2l0eT0iLjgiIGZpbGw9IiNGNUY1RjciIGN4PSI2Ny43OTciIGN5PSIxMDYuODkiIHJ4PSI2Ny43OTciIHJ5PSIxMi42NjgiLz4KICAgICAgPHBhdGggZD0iTTEyMi4wMzQgNjkuNjc0TDk4LjEwOSA0MC4yMjljLTEuMTQ4LTEuMzg2LTIuODI2LTIuMjI1LTQuNTkzLTIuMjI1aC01MS40NGMtMS43NjYgMC0zLjQ0NC44MzktNC41OTIgMi4yMjVMMTMuNTYgNjkuNjc0djE1LjM4M2gxMDguNDc1VjY5LjY3NHoiIGZpbGw9IiNBRUI4QzIiLz4KICAgICAgPHBhdGggZD0iTTEwMS41MzcgODYuMjE0TDgwLjYzIDYxLjEwMmMtMS4wMDEtMS4yMDctMi41MDctMS44NjctNC4wNDgtMS44NjdIMzEuNzI0Yy0xLjU0IDAtMy4wNDcuNjYtNC4wNDggMS44NjdMNi43NjkgODYuMjE0djEzLjc5Mmg5NC43NjhWODYuMjE0eiIgZmlsbD0idXJsKCNsaW5lYXJHcmFkaWVudC0xKSIgdHJhbnNmb3JtPSJ0cmFuc2xhdGUoMTMuNTYpIi8+CiAgICAgIDxwYXRoIGQ9Ik0zMy44MyAwaDY3LjkzM2E0IDQgMCAwIDEgNCA0djkzLjM0NGE0IDQgMCAwIDEtNCA0SDMzLjgzYTQgNCAwIDAgMS00LTRWNGE0IDQgMCAwIDEgNC00eiIgZmlsbD0iI0Y1RjVGNyIvPgogICAgICA8cGF0aCBkPSJNNDIuNjc4IDkuOTUzaDUwLjIzN2EyIDIgMCAwIDEgMiAyVjM2LjkxYTIgMiAwIDAgMS0yIDJINDIuNjc4YTIgMiAwIDAgMS0yLTJWMTEuOTUzYTIgMiAwIDAgMSAyLTJ6TTQyLjk0IDQ5Ljc2N2g0OS43MTNhMi4yNjIgMi4yNjIgMCAxIDEgMCA0LjUyNEg0Mi45NGEyLjI2MiAyLjI2MiAwIDAgMSAwLTQuNTI0ek00Mi45NCA2MS41M2g0OS43MTNhMi4yNjIgMi4yNjIgMCAxIDEgMCA0LjUyNUg0Mi45NGEyLjI2MiAyLjI2MiAwIDAgMSAwLTQuNTI1ek0xMjEuODEzIDEwNS4wMzJjLS43NzUgMy4wNzEtMy40OTcgNS4zNi02LjczNSA1LjM2SDIwLjUxNWMtMy4yMzggMC01Ljk2LTIuMjktNi43MzQtNS4zNmE3LjMwOSA3LjMwOSAwIDAgMS0uMjIyLTEuNzlWNjkuNjc1aDI2LjMxOGMyLjkwNyAwIDUuMjUgMi40NDggNS4yNSA1LjQydi4wNGMwIDIuOTcxIDIuMzcgNS4zNyA1LjI3NyA1LjM3aDM0Ljc4NWMyLjkwNyAwIDUuMjc3LTIuNDIxIDUuMjc3LTUuMzkzVjc1LjFjMC0yLjk3MiAyLjM0My01LjQyNiA1LjI1LTUuNDI2aDI2LjMxOHYzMy41NjljMCAuNjE3LS4wNzcgMS4yMTYtLjIyMSAxLjc4OXoiIGZpbGw9IiNEQ0UwRTYiLz4KICAgIDwvZz4KICAgIDxwYXRoIGQ9Ik0xNDkuMTIxIDMzLjI5MmwtNi44MyAyLjY1YTEgMSAwIDAgMS0xLjMxNy0xLjIzbDEuOTM3LTYuMjA3Yy0yLjU4OS0yLjk0NC00LjEwOS02LjUzNC00LjEwOS0xMC40MDhDMTM4LjgwMiA4LjEwMiAxNDguOTIgMCAxNjEuNDAyIDAgMTczLjg4MSAwIDE4NCA4LjEwMiAxODQgMTguMDk3YzAgOS45OTUtMTAuMTE4IDE4LjA5Ny0yMi41OTkgMTguMDk3LTQuNTI4IDAtOC43NDQtMS4wNjYtMTIuMjgtMi45MDJ6IiBmaWxsPSIjRENFMEU2Ii8+CiAgICA8ZyB0cmFuc2Zvcm09InRyYW5zbGF0ZSgxNDkuNjUgMTUuMzgzKSIgZmlsbD0iI0ZGRiI+CiAgICAgIDxlbGxpcHNlIGN4PSIyMC42NTQiIGN5PSIzLjE2NyIgcng9IjIuODQ5IiByeT0iMi44MTUiLz4KICAgICAgPHBhdGggZD0iTTUuNjk4IDUuNjNIMEwyLjg5OC43MDR6TTkuMjU5LjcwNGg0Ljk4NVY1LjYzSDkuMjU5eiIvPgogICAgPC9nPgogIDwvZz4KPC9zdmc+Cg=="
                    />
                  </div>
                  <p
                    class="ant-empty-description"
                  >
                    No Data
                  </p>
                </div>
              </div>
            </div>
          </div>
        </div>
      </div>
    </div>
  </div>
</div>
`;
