// Jest Snapshot v1, https://goo.gl/fbAQLP

exports[`<SelectTree/> should render and match the snapshot 1`] = `
<div
  class="ant-row-flex row-title"
  style="margin-left: -12px; margin-right: -12px;"
>
  <div
    class="ant-col ant-col-20"
    style="padding-left: 12px; padding-right: 12px;"
  >
    <div
      class="ant-page-header"
    >
      <div
        class="ant-page-header-back"
      >
        <div
          aria-label="back"
          class="ant-page-header-back-button"
          role="button"
          style="border: 0px; background: transparent; padding: 0px; line-height: inherit; display: inline-block;"
          tabindex="0"
        >
          <i
            aria-label="icon: arrow-left"
            class="anticon anticon-arrow-left"
          >
            <svg
              aria-hidden="true"
              class=""
              data-icon="arrow-left"
              fill="currentColor"
              focusable="false"
              height="1em"
              viewBox="64 64 896 896"
              width="1em"
            >
              <path
                d="M872 474H286.9l350.2-304c5.6-4.9 2.2-14-5.2-14h-88.5c-3.9 0-7.6 1.4-10.5 3.9L155 487.8a31.96 31.96 0 0 0 0 48.3L535.1 866c1.5 1.3 3.3 2 5.2 2h91.5c7.4 0 10.8-9.2 5.2-14L286.9 550H872c4.4 0 8-3.6 8-8v-60c0-4.4-3.6-8-8-8z"
              />
            </svg>
          </i>
        </div>
        <div
          class="ant-divider ant-divider-vertical"
        />
      </div>
      <div
        class="ant-page-header-title-view"
      >
        <span
          class="ant-page-header-title-view-title"
        >
          Tree
        </span>
      </div>
    </div>
  </div>
  <div
    class="ant-col ant-col-xs-24 ant-col-sm-24 ant-col-md-12 ant-col-lg-24 ant-col-xl-24"
    style="padding-left: 12px; padding-right: 12px;"
  >
    <div
      class="treehouse"
    >
      <div
        class="ant-card card ant-card-bordered"
      >
        <div
          class="ant-card-head"
        >
          <div
            class="ant-card-head-wrapper"
          >
            <div
              class="ant-card-head-title"
            >
              Folders
            </div>
          </div>
        </div>
        <div
          class="ant-card-body"
        >
          <div
            class="ant-empty"
          >
            <div
              class="ant-empty-image"
            >
              <img
                alt="No Data"
                src="data:image/svg+xml;base64,PHN2ZyB3aWR0aD0iMTg0IiBoZWlnaHQ9IjE1MiIgdmlld0JveD0iMCAwIDE4NCAxNTIiIHhtbG5zPSJodHRwOi8vd3d3LnczLm9yZy8yMDAwL3N2ZyI+CiAgPGcgZmlsbD0ibm9uZSIgZmlsbC1ydWxlPSJldmVub2RkIj4KICAgIDxnIHRyYW5zZm9ybT0idHJhbnNsYXRlKDI0IDMxLjY3KSI+CiAgICAgIDxlbGxpcHNlIGZpbGwtb3BhY2l0eT0iLjgiIGZpbGw9IiNGNUY1RjciIGN4PSI2Ny43OTciIGN5PSIxMDYuODkiIHJ4PSI2Ny43OTciIHJ5PSIxMi42NjgiLz4KICAgICAgPHBhdGggZD0iTTEyMi4wMzQgNjkuNjc0TDk4LjEwOSA0MC4yMjljLTEuMTQ4LTEuMzg2LTIuODI2LTIuMjI1LTQuNTkzLTIuMjI1aC01MS40NGMtMS43NjYgMC0zLjQ0NC44MzktNC41OTIgMi4yMjVMMTMuNTYgNjkuNjc0djE1LjM4M2gxMDguNDc1VjY5LjY3NHoiIGZpbGw9IiNBRUI4QzIiLz4KICAgICAgPHBhdGggZD0iTTEwMS41MzcgODYuMjE0TDgwLjYzIDYxLjEwMmMtMS4wMDEtMS4yMDctMi41MDctMS44NjctNC4wNDgtMS44NjdIMzEuNzI0Yy0xLjU0IDAtMy4wNDcuNjYtNC4wNDggMS44NjdMNi43NjkgODYuMjE0djEzLjc5Mmg5NC43NjhWODYuMjE0eiIgZmlsbD0idXJsKCNsaW5lYXJHcmFkaWVudC0xKSIgdHJhbnNmb3JtPSJ0cmFuc2xhdGUoMTMuNTYpIi8+CiAgICAgIDxwYXRoIGQ9Ik0zMy44MyAwaDY3LjkzM2E0IDQgMCAwIDEgNCA0djkzLjM0NGE0IDQgMCAwIDEtNCA0SDMzLjgzYTQgNCAwIDAgMS00LTRWNGE0IDQgMCAwIDEgNC00eiIgZmlsbD0iI0Y1RjVGNyIvPgogICAgICA8cGF0aCBkPSJNNDIuNjc4IDkuOTUzaDUwLjIzN2EyIDIgMCAwIDEgMiAyVjM2LjkxYTIgMiAwIDAgMS0yIDJINDIuNjc4YTIgMiAwIDAgMS0yLTJWMTEuOTUzYTIgMiAwIDAgMSAyLTJ6TTQyLjk0IDQ5Ljc2N2g0OS43MTNhMi4yNjIgMi4yNjIgMCAxIDEgMCA0LjUyNEg0Mi45NGEyLjI2MiAyLjI2MiAwIDAgMSAwLTQuNTI0ek00Mi45NCA2MS41M2g0OS43MTNhMi4yNjIgMi4yNjIgMCAxIDEgMCA0LjUyNUg0Mi45NGEyLjI2MiAyLjI2MiAwIDAgMSAwLTQuNTI1ek0xMjEuODEzIDEwNS4wMzJjLS43NzUgMy4wNzEtMy40OTcgNS4zNi02LjczNSA1LjM2SDIwLjUxNWMtMy4yMzggMC01Ljk2LTIuMjktNi43MzQtNS4zNmE3LjMwOSA3LjMwOSAwIDAgMS0uMjIyLTEuNzlWNjkuNjc1aDI2LjMxOGMyLjkwNyAwIDUuMjUgMi40NDggNS4yNSA1LjQydi4wNGMwIDIuOTcxIDIuMzcgNS4zNyA1LjI3NyA1LjM3aDM0Ljc4NWMyLjkwNyAwIDUuMjc3LTIuNDIxIDUuMjc3LTUuMzkzVjc1LjFjMC0yLjk3MiAyLjM0My01LjQyNiA1LjI1LTUuNDI2aDI2LjMxOHYzMy41NjljMCAuNjE3LS4wNzcgMS4yMTYtLjIyMSAxLjc4OXoiIGZpbGw9IiNEQ0UwRTYiLz4KICAgIDwvZz4KICAgIDxwYXRoIGQ9Ik0xNDkuMTIxIDMzLjI5MmwtNi44MyAyLjY1YTEgMSAwIDAgMS0xLjMxNy0xLjIzbDEuOTM3LTYuMjA3Yy0yLjU4OS0yLjk0NC00LjEwOS02LjUzNC00LjEwOS0xMC40MDhDMTM4LjgwMiA4LjEwMiAxNDguOTIgMCAxNjEuNDAyIDAgMTczLjg4MSAwIDE4NCA4LjEwMiAxODQgMTguMDk3YzAgOS45OTUtMTAuMTE4IDE4LjA5Ny0yMi41OTkgMTguMDk3LTQuNTI4IDAtOC43NDQtMS4wNjYtMTIuMjgtMi45MDJ6IiBmaWxsPSIjRENFMEU2Ii8+CiAgICA8ZyB0cmFuc2Zvcm09InRyYW5zbGF0ZSgxNDkuNjUgMTUuMzgzKSIgZmlsbD0iI0ZGRiI+CiAgICAgIDxlbGxpcHNlIGN4PSIyMC42NTQiIGN5PSIzLjE2NyIgcng9IjIuODQ5IiByeT0iMi44MTUiLz4KICAgICAgPHBhdGggZD0iTTUuNjk4IDUuNjNIMEwyLjg5OC43MDR6TTkuMjU5LjcwNGg0Ljk4NVY1LjYzSDkuMjU5eiIvPgogICAgPC9nPgogIDwvZz4KPC9zdmc+Cg=="
              />
            </div>
            <p
              class="ant-empty-description"
            >
              No Data
            </p>
          </div>
          <div
            class="ant-row"
            style="margin-left: -12px; margin-right: -12px;"
          >
            <div
              class="ant-col ant-col-xs-24 ant-col-sm-24 ant-col-md-24 ant-col-lg-24 ant-col-xl-24"
              style="padding-left: 12px; padding-right: 12px;"
            >
              <div
                class="divider"
              >
                <div
                  class="skillset"
                >
                  <img
                    alt="skill"
                    class="skillimage"
                    src="IMAGE_MOCK"
                  />
                  Skill
                </div>
                <div
                  class="skillset"
                >
                  <img
                    alt="skill"
                    class="skillimage"
                    src="IMAGE_MOCK"
                  />
                  Superskill
                </div>
                <div
                  class="skillset"
                >
                  <img
                    alt="skill"
                    class="skillimage"
                    src="IMAGE_MOCK"
                  />
                  Track
                </div>
                <button
                  class="ant-btn button ant-btn-primary"
                  type="button"
                >
                  <span>
                    Publish
                  </span>
                </button>
                <button
                  class="ant-btn footer-button ant-btn-circle ant-btn-lg ant-btn-icon-only"
                  type="button"
                >
                  <i
                    aria-label="icon: plus-circle"
                    class="anticon anticon-plus-circle"
                  >
                    <svg
                      aria-hidden="true"
                      class=""
                      data-icon="plus-circle"
                      fill="currentColor"
                      focusable="false"
                      height="1em"
                      viewBox="64 64 896 896"
                      width="1em"
                    >
                      <path
                        d="M696 480H544V328c0-4.4-3.6-8-8-8h-48c-4.4 0-8 3.6-8 8v152H328c-4.4 0-8 3.6-8 8v48c0 4.4 3.6 8 8 8h152v152c0 4.4 3.6 8 8 8h48c4.4 0 8-3.6 8-8V544h152c4.4 0 8-3.6 8-8v-48c0-4.4-3.6-8-8-8z"
                      />
                      <path
                        d="M512 64C264.6 64 64 264.6 64 512s200.6 448 448 448 448-200.6 448-448S759.4 64 512 64zm0 820c-205.4 0-372-166.6-372-372s166.6-372 372-372 372 166.6 372 372-166.6 372-372 372z"
                      />
                    </svg>
                  </i>
                </button>
              </div>
            </div>
          </div>
        </div>
      </div>
    </div>
  </div>
</div>
`;
